------------------------------------------------------------
Timing Analyzer Summary
------------------------------------------------------------

Type  : Slow 1100mV 85C Model Setup 'clk'
Slack : -0.980
TNS   : -0.980

Type  : Slow 1100mV 85C Model Hold 'clk'
Slack : 0.100
TNS   : 0.000

Type  : Slow 1100mV 85C Model Minimum Pulse Width 'clk'
Slack : -0.724
TNS   : -1.118

Type  : Slow 1100mV 0C Model Setup 'clk'
Slack : -0.913
TNS   : -0.913

Type  : Slow 1100mV 0C Model Hold 'clk'
Slack : 0.076
TNS   : 0.000

Type  : Slow 1100mV 0C Model Minimum Pulse Width 'clk'
Slack : -0.724
TNS   : -1.122

Type  : Fast 1100mV 85C Model Setup 'clk'
Slack : -0.010
TNS   : -0.010

Type  : Fast 1100mV 85C Model Hold 'clk'
Slack : 0.003
TNS   : 0.000

Type  : Fast 1100mV 85C Model Minimum Pulse Width 'clk'
Slack : -0.208
TNS   : -0.208

Type  : Fast 1100mV 0C Model Setup 'clk'
Slack : 0.030
TNS   : 0.000

Type  : Fast 1100mV 0C Model Hold 'clk'
Slack : -0.020
TNS   : -0.020

Type  : Fast 1100mV 0C Model Minimum Pulse Width 'clk'
Slack : -0.232
TNS   : -0.232

------------------------------------------------------------
